2026-05-22 23:02:57,523 - MainThread - sqlmesh.core.config.connection - INFO - Creating new DuckDB adapter for in-memory database (connection.py:499)
2026-05-22 23:02:57,988 - MainThread - sqlmesh.core.console - WARNING - The duckdb state connection is configured for single threaded mode but the warehouse connection is configured for multi threaded mode with 4 concurrent tasks. This can cause SQLMesh to hang. Overriding the duckdb state connection config to use multi threaded mode. (console.py:2335)
2026-05-22 23:02:57,989 - MainThread - sqlmesh.core.config.connection - INFO - Creating new DuckDB adapter for data files: {'snowflake_state.db'} (connection.py:497)
2026-05-22 23:02:57,989 - MainThread - sqlmesh.core.console - WARNING - The duckdb engine is not recommended for storing SQLMesh state in production deployments. Please see https://sqlmesh.readthedocs.io/en/stable/guides/configuration/#state-connection for a list of recommended engines and more information. (console.py:2335)
2026-05-22 23:02:57,998 - MainThread - sqlmesh.core.state_sync.db.migrator - INFO - Applying migration <module 'sqlmesh.migrations.v0000_baseline' from '/opt/homebrew/anaconda3/envs/sqlmesh_env/lib/python3.11/site-packages/sqlmesh/migrations/v0000_baseline.py'> (migrator.py:185)
2026-05-22 23:02:58,005 - MainThread - sqlmesh.core.state_sync.db.migrator - INFO - Applying migration <module 'sqlmesh.migrations.v0061_mysql_fix_blob_text_type' from '/opt/homebrew/anaconda3/envs/sqlmesh_env/lib/python3.11/site-packages/sqlmesh/migrations/v0061_mysql_fix_blob_text_type.py'> (migrator.py:185)
2026-05-22 23:02:58,005 - MainThread - sqlmesh.core.state_sync.db.migrator - INFO - Applying migration <module 'sqlmesh.migrations.v0062_add_model_gateway' from '/opt/homebrew/anaconda3/envs/sqlmesh_env/lib/python3.11/site-packages/sqlmesh/migrations/v0062_add_model_gateway.py'> (migrator.py:185)
2026-05-22 23:02:58,005 - MainThread - sqlmesh.core.state_sync.db.migrator - INFO - Applying migration <module 'sqlmesh.migrations.v0063_change_signals' from '/opt/homebrew/anaconda3/envs/sqlmesh_env/lib/python3.11/site-packages/sqlmesh/migrations/v0063_change_signals.py'> (migrator.py:185)
2026-05-22 23:02:58,005 - MainThread - sqlmesh.core.state_sync.db.migrator - INFO - Applying migration <module 'sqlmesh.migrations.v0064_join_when_matched_strings' from '/opt/homebrew/anaconda3/envs/sqlmesh_env/lib/python3.11/site-packages/sqlmesh/migrations/v0064_join_when_matched_strings.py'> (migrator.py:185)
2026-05-22 23:02:58,006 - MainThread - sqlmesh.core.state_sync.db.migrator - INFO - Applying migration <module 'sqlmesh.migrations.v0065_add_model_optimize' from '/opt/homebrew/anaconda3/envs/sqlmesh_env/lib/python3.11/site-packages/sqlmesh/migrations/v0065_add_model_optimize.py'> (migrator.py:185)
2026-05-22 23:02:58,006 - MainThread - sqlmesh.core.state_sync.db.migrator - INFO - Applying migration <module 'sqlmesh.migrations.v0066_add_auto_restatements' from '/opt/homebrew/anaconda3/envs/sqlmesh_env/lib/python3.11/site-packages/sqlmesh/migrations/v0066_add_auto_restatements.py'> (migrator.py:185)
2026-05-22 23:02:58,007 - MainThread - sqlmesh.core.state_sync.db.migrator - INFO - Applying migration <module 'sqlmesh.migrations.v0067_add_tsql_date_full_precision' from '/opt/homebrew/anaconda3/envs/sqlmesh_env/lib/python3.11/site-packages/sqlmesh/migrations/v0067_add_tsql_date_full_precision.py'> (migrator.py:185)
2026-05-22 23:02:58,007 - MainThread - sqlmesh.core.state_sync.db.migrator - INFO - Applying migration <module 'sqlmesh.migrations.v0068_include_unrendered_query_in_metadata_hash' from '/opt/homebrew/anaconda3/envs/sqlmesh_env/lib/python3.11/site-packages/sqlmesh/migrations/v0068_include_unrendered_query_in_metadata_hash.py'> (migrator.py:185)
2026-05-22 23:02:58,007 - MainThread - sqlmesh.core.state_sync.db.migrator - INFO - Applying migration <module 'sqlmesh.migrations.v0069_update_dev_table_suffix' from '/opt/homebrew/anaconda3/envs/sqlmesh_env/lib/python3.11/site-packages/sqlmesh/migrations/v0069_update_dev_table_suffix.py'> (migrator.py:185)
2026-05-22 23:02:58,007 - MainThread - sqlmesh.core.state_sync.db.migrator - INFO - Applying migration <module 'sqlmesh.migrations.v0070_include_grains_in_metadata_hash' from '/opt/homebrew/anaconda3/envs/sqlmesh_env/lib/python3.11/site-packages/sqlmesh/migrations/v0070_include_grains_in_metadata_hash.py'> (migrator.py:185)
2026-05-22 23:02:58,007 - MainThread - sqlmesh.core.state_sync.db.migrator - INFO - Applying migration <module 'sqlmesh.migrations.v0071_add_dev_version_to_intervals' from '/opt/homebrew/anaconda3/envs/sqlmesh_env/lib/python3.11/site-packages/sqlmesh/migrations/v0071_add_dev_version_to_intervals.py'> (migrator.py:185)
2026-05-22 23:02:58,008 - MainThread - sqlmesh.core.state_sync.db.migrator - INFO - Applying migration <module 'sqlmesh.migrations.v0072_add_environment_statements' from '/opt/homebrew/anaconda3/envs/sqlmesh_env/lib/python3.11/site-packages/sqlmesh/migrations/v0072_add_environment_statements.py'> (migrator.py:185)
2026-05-22 23:02:58,009 - MainThread - sqlmesh.core.state_sync.db.migrator - INFO - Applying migration <module 'sqlmesh.migrations.v0073_remove_symbolic_disable_restatement' from '/opt/homebrew/anaconda3/envs/sqlmesh_env/lib/python3.11/site-packages/sqlmesh/migrations/v0073_remove_symbolic_disable_restatement.py'> (migrator.py:185)
2026-05-22 23:02:58,009 - MainThread - sqlmesh.core.state_sync.db.migrator - INFO - Applying migration <module 'sqlmesh.migrations.v0074_add_partition_by_time_column_property' from '/opt/homebrew/anaconda3/envs/sqlmesh_env/lib/python3.11/site-packages/sqlmesh/migrations/v0074_add_partition_by_time_column_property.py'> (migrator.py:185)
2026-05-22 23:02:58,009 - MainThread - sqlmesh.core.state_sync.db.migrator - INFO - Applying migration <module 'sqlmesh.migrations.v0075_remove_validate_query' from '/opt/homebrew/anaconda3/envs/sqlmesh_env/lib/python3.11/site-packages/sqlmesh/migrations/v0075_remove_validate_query.py'> (migrator.py:185)
2026-05-22 23:02:58,009 - MainThread - sqlmesh.core.state_sync.db.migrator - INFO - Applying migration <module 'sqlmesh.migrations.v0076_add_cron_tz' from '/opt/homebrew/anaconda3/envs/sqlmesh_env/lib/python3.11/site-packages/sqlmesh/migrations/v0076_add_cron_tz.py'> (migrator.py:185)
2026-05-22 23:02:58,009 - MainThread - sqlmesh.core.state_sync.db.migrator - INFO - Applying migration <module 'sqlmesh.migrations.v0077_fix_column_type_hash_calculation' from '/opt/homebrew/anaconda3/envs/sqlmesh_env/lib/python3.11/site-packages/sqlmesh/migrations/v0077_fix_column_type_hash_calculation.py'> (migrator.py:185)
2026-05-22 23:02:58,009 - MainThread - sqlmesh.core.state_sync.db.migrator - INFO - Applying migration <module 'sqlmesh.migrations.v0078_warn_if_non_migratable_python_env' from '/opt/homebrew/anaconda3/envs/sqlmesh_env/lib/python3.11/site-packages/sqlmesh/migrations/v0078_warn_if_non_migratable_python_env.py'> (migrator.py:185)
2026-05-22 23:02:58,009 - MainThread - sqlmesh.core.state_sync.db.migrator - INFO - Applying migration <module 'sqlmesh.migrations.v0079_add_gateway_managed_property' from '/opt/homebrew/anaconda3/envs/sqlmesh_env/lib/python3.11/site-packages/sqlmesh/migrations/v0079_add_gateway_managed_property.py'> (migrator.py:185)
2026-05-22 23:02:58,009 - MainThread - sqlmesh.core.state_sync.db.migrator - INFO - Applying migration <module 'sqlmesh.migrations.v0080_add_batch_size_to_scd_type_2_models' from '/opt/homebrew/anaconda3/envs/sqlmesh_env/lib/python3.11/site-packages/sqlmesh/migrations/v0080_add_batch_size_to_scd_type_2_models.py'> (migrator.py:185)
2026-05-22 23:02:58,009 - MainThread - sqlmesh.core.state_sync.db.migrator - INFO - Applying migration <module 'sqlmesh.migrations.v0081_update_partitioned_by' from '/opt/homebrew/anaconda3/envs/sqlmesh_env/lib/python3.11/site-packages/sqlmesh/migrations/v0081_update_partitioned_by.py'> (migrator.py:185)
2026-05-22 23:02:58,009 - MainThread - sqlmesh.core.state_sync.db.migrator - INFO - Applying migration <module 'sqlmesh.migrations.v0082_warn_if_incorrectly_duplicated_statements' from '/opt/homebrew/anaconda3/envs/sqlmesh_env/lib/python3.11/site-packages/sqlmesh/migrations/v0082_warn_if_incorrectly_duplicated_statements.py'> (migrator.py:185)
2026-05-22 23:02:58,009 - MainThread - sqlmesh.core.state_sync.db.migrator - INFO - Applying migration <module 'sqlmesh.migrations.v0083_use_sql_for_scd_time_data_type_data_hash' from '/opt/homebrew/anaconda3/envs/sqlmesh_env/lib/python3.11/site-packages/sqlmesh/migrations/v0083_use_sql_for_scd_time_data_type_data_hash.py'> (migrator.py:185)
2026-05-22 23:02:58,009 - MainThread - sqlmesh.core.state_sync.db.migrator - INFO - Applying migration <module 'sqlmesh.migrations.v0084_normalize_quote_when_matched_and_merge_filter' from '/opt/homebrew/anaconda3/envs/sqlmesh_env/lib/python3.11/site-packages/sqlmesh/migrations/v0084_normalize_quote_when_matched_and_merge_filter.py'> (migrator.py:185)
2026-05-22 23:02:58,009 - MainThread - sqlmesh.core.state_sync.db.migrator - INFO - Applying migration <module 'sqlmesh.migrations.v0085_deterministic_repr' from '/opt/homebrew/anaconda3/envs/sqlmesh_env/lib/python3.11/site-packages/sqlmesh/migrations/v0085_deterministic_repr.py'> (migrator.py:185)
2026-05-22 23:02:58,009 - MainThread - sqlmesh.core.state_sync.db.migrator - INFO - Applying migration <module 'sqlmesh.migrations.v0086_check_deterministic_bug' from '/opt/homebrew/anaconda3/envs/sqlmesh_env/lib/python3.11/site-packages/sqlmesh/migrations/v0086_check_deterministic_bug.py'> (migrator.py:185)
2026-05-22 23:02:58,009 - MainThread - sqlmesh.core.state_sync.db.migrator - INFO - Applying migration <module 'sqlmesh.migrations.v0087_normalize_blueprint_variables' from '/opt/homebrew/anaconda3/envs/sqlmesh_env/lib/python3.11/site-packages/sqlmesh/migrations/v0087_normalize_blueprint_variables.py'> (migrator.py:185)
2026-05-22 23:02:58,009 - MainThread - sqlmesh.core.state_sync.db.migrator - INFO - Applying migration <module 'sqlmesh.migrations.v0088_warn_about_variable_python_env_diffs' from '/opt/homebrew/anaconda3/envs/sqlmesh_env/lib/python3.11/site-packages/sqlmesh/migrations/v0088_warn_about_variable_python_env_diffs.py'> (migrator.py:185)
2026-05-22 23:02:58,009 - MainThread - sqlmesh.core.state_sync.db.migrator - INFO - Applying migration <module 'sqlmesh.migrations.v0089_add_virtual_environment_mode' from '/opt/homebrew/anaconda3/envs/sqlmesh_env/lib/python3.11/site-packages/sqlmesh/migrations/v0089_add_virtual_environment_mode.py'> (migrator.py:185)
2026-05-22 23:02:58,009 - MainThread - sqlmesh.core.state_sync.db.migrator - INFO - Applying migration <module 'sqlmesh.migrations.v0090_add_forward_only_column' from '/opt/homebrew/anaconda3/envs/sqlmesh_env/lib/python3.11/site-packages/sqlmesh/migrations/v0090_add_forward_only_column.py'> (migrator.py:185)
2026-05-22 23:02:58,010 - MainThread - sqlmesh.core.state_sync.db.migrator - INFO - Applying migration <module 'sqlmesh.migrations.v0091_on_additive_change' from '/opt/homebrew/anaconda3/envs/sqlmesh_env/lib/python3.11/site-packages/sqlmesh/migrations/v0091_on_additive_change.py'> (migrator.py:185)
2026-05-22 23:02:58,010 - MainThread - sqlmesh.core.state_sync.db.migrator - INFO - Applying migration <module 'sqlmesh.migrations.v0092_warn_about_dbt_data_type_diff' from '/opt/homebrew/anaconda3/envs/sqlmesh_env/lib/python3.11/site-packages/sqlmesh/migrations/v0092_warn_about_dbt_data_type_diff.py'> (migrator.py:185)
2026-05-22 23:02:58,010 - MainThread - sqlmesh.core.state_sync.db.migrator - INFO - Applying migration <module 'sqlmesh.migrations.v0093_use_raw_sql_in_fingerprint' from '/opt/homebrew/anaconda3/envs/sqlmesh_env/lib/python3.11/site-packages/sqlmesh/migrations/v0093_use_raw_sql_in_fingerprint.py'> (migrator.py:185)
2026-05-22 23:02:58,010 - MainThread - sqlmesh.core.state_sync.db.migrator - INFO - Applying migration <module 'sqlmesh.migrations.v0094_add_dev_version_and_fingerprint_columns' from '/opt/homebrew/anaconda3/envs/sqlmesh_env/lib/python3.11/site-packages/sqlmesh/migrations/v0094_add_dev_version_and_fingerprint_columns.py'> (migrator.py:185)
2026-05-22 23:02:58,010 - MainThread - sqlmesh.core.state_sync.db.migrator - INFO - Applying migration <module 'sqlmesh.migrations.v0095_warn_about_dbt_raw_sql_diff' from '/opt/homebrew/anaconda3/envs/sqlmesh_env/lib/python3.11/site-packages/sqlmesh/migrations/v0095_warn_about_dbt_raw_sql_diff.py'> (migrator.py:185)
2026-05-22 23:02:58,010 - MainThread - sqlmesh.core.state_sync.db.migrator - INFO - Applying migration <module 'sqlmesh.migrations.v0096_remove_plan_dags_table' from '/opt/homebrew/anaconda3/envs/sqlmesh_env/lib/python3.11/site-packages/sqlmesh/migrations/v0096_remove_plan_dags_table.py'> (migrator.py:185)
2026-05-22 23:02:58,010 - MainThread - sqlmesh.core.state_sync.db.migrator - INFO - Applying migration <module 'sqlmesh.migrations.v0097_add_dbt_name_in_node' from '/opt/homebrew/anaconda3/envs/sqlmesh_env/lib/python3.11/site-packages/sqlmesh/migrations/v0097_add_dbt_name_in_node.py'> (migrator.py:185)
2026-05-22 23:02:58,010 - MainThread - sqlmesh.core.state_sync.db.migrator - INFO - Applying migration <module 'sqlmesh.migrations.v0098_add_dbt_node_info_in_node' from '/opt/homebrew/anaconda3/envs/sqlmesh_env/lib/python3.11/site-packages/sqlmesh/migrations/v0098_add_dbt_node_info_in_node.py'> (migrator.py:185)
2026-05-22 23:02:58,010 - MainThread - sqlmesh.core.state_sync.db.migrator - INFO - Applying migration <module 'sqlmesh.migrations.v0099_add_last_altered_to_intervals' from '/opt/homebrew/anaconda3/envs/sqlmesh_env/lib/python3.11/site-packages/sqlmesh/migrations/v0099_add_last_altered_to_intervals.py'> (migrator.py:185)
2026-05-22 23:02:58,011 - MainThread - sqlmesh.core.state_sync.db.migrator - INFO - Applying migration <module 'sqlmesh.migrations.v0100_add_grants_and_grants_target_layer' from '/opt/homebrew/anaconda3/envs/sqlmesh_env/lib/python3.11/site-packages/sqlmesh/migrations/v0100_add_grants_and_grants_target_layer.py'> (migrator.py:185)
2026-05-22 23:02:58,011 - MainThread - sqlmesh.core.state_sync.db.migrator - INFO - Applying migration <module 'sqlmesh.migrations.v0101_include_custom_audit_args_in_fingerprint' from '/opt/homebrew/anaconda3/envs/sqlmesh_env/lib/python3.11/site-packages/sqlmesh/migrations/v0101_include_custom_audit_args_in_fingerprint.py'> (migrator.py:185)
2026-05-22 23:02:58,011 - MainThread - sqlmesh.core.state_sync.db.migrator - INFO - Fetching environments (migrator.py:207)
2026-05-22 23:02:58,011 - MainThread - sqlmesh.core.state_sync.db.migrator - INFO - Migrating snapshot rows... (migrator.py:224)
2026-05-22 23:02:58,012 - MainThread - sqlmesh.core.state_sync.db.migrator - INFO - No changes to snapshots detected (migrator.py:217)
2026-05-22 23:03:49,549 - MainThread - sqlmesh.core.plan.evaluator - INFO - Evaluating plan stage CreateSnapshotRecordsStage (evaluator.py:123)
2026-05-22 23:03:49,563 - MainThread - sqlmesh.core.plan.evaluator - INFO - Evaluating plan stage PhysicalLayerSchemaCreationStage (evaluator.py:123)
2026-05-22 23:03:49,563 - ThreadPoolExecutor-1_0 - sqlmesh.core.snapshot.evaluator - INFO - Creating schema 'STRAWBERRY_DB.sqlmesh__SQLMESH_EXAMPLE' (evaluator.py:1468)
2026-05-22 23:03:49,614 - ThreadPoolExecutor-1_0 - snowflake.connector.connection - INFO - Snowflake Connector for Python Version: 4.5.0, Python Version: 3.11.15, Platform: macOS-26.5-arm64-arm-64bit (connection.py:626)
2026-05-22 23:03:49,614 - ThreadPoolExecutor-1_0 - snowflake.connector.connection - INFO - Connecting to GLOBAL Snowflake domain (connection.py:1735)
2026-05-22 23:04:19,486 - ThreadPoolExecutor-1_0 - sqlmesh.core.engine_adapter.base - INFO - Executing SQL: /* SQLMESH_PLAN: 98140b8a45a24ba6859e321d23b644bb */ CREATE SCHEMA IF NOT EXISTS "STRAWBERRY_DB"."sqlmesh__SQLMESH_EXAMPLE" (base.py:2624)
2026-05-22 23:04:20,679 - MainThread - sqlmesh.core.plan.evaluator - INFO - Evaluating plan stage BackfillStage (evaluator.py:123)
2026-05-22 23:04:20,687 - ThreadPoolExecutor-3_0 - sqlmesh.core.snapshot.evaluator - INFO - Listing data objects in schema STRAWBERRY_DB.sqlmesh__SQLMESH_EXAMPLE (evaluator.py:1635)
2026-05-22 23:04:20,712 - ThreadPoolExecutor-3_0 - snowflake.connector.connection - INFO - Snowflake Connector for Python Version: 4.5.0, Python Version: 3.11.15, Platform: macOS-26.5-arm64-arm-64bit (connection.py:626)
2026-05-22 23:04:20,712 - ThreadPoolExecutor-3_0 - snowflake.connector.connection - INFO - Connecting to GLOBAL Snowflake domain (connection.py:1735)
2026-05-22 23:04:47,399 - ThreadPoolExecutor-3_0 - sqlmesh.core.engine_adapter.base - INFO - Executing SQL: /* SQLMESH_PLAN: 98140b8a45a24ba6859e321d23b644bb */ SELECT CURRENT_DATABASE() (base.py:2624)
2026-05-22 23:04:48,413 - ThreadPoolExecutor-3_0 - sqlmesh.core.engine_adapter.base - INFO - Executing SQL: /* SQLMESH_PLAN: 98140b8a45a24ba6859e321d23b644bb */ SELECT CURRENT_DATABASE() (base.py:2624)
2026-05-22 23:04:48,910 - ThreadPoolExecutor-3_0 - sqlmesh.core.engine_adapter.base - INFO - Executing SQL: /* SQLMESH_PLAN: 98140b8a45a24ba6859e321d23b644bb */ SELECT DISTINCT "TABLE_CATALOG" AS "catalog", "TABLE_NAME" AS "name", "TABLE_SCHEMA" AS "schema_name", CASE WHEN "TABLE_TYPE" = 'BASE TABLE' AND "IS_DYNAMIC" = 'YES' THEN 'MANAGED_TABLE' WHEN "TABLE_TYPE" = 'BASE TABLE' THEN 'TABLE' WHEN "TABLE_TYPE" = 'TEMPORARY TABLE' THEN 'TABLE' WHEN "TABLE_TYPE" = 'LOCAL TEMPORARY' THEN 'TABLE' WHEN "TABLE_TYPE" = 'EXTERNAL TABLE' THEN 'TABLE' WHEN "TABLE_TYPE" = 'EVENT TABLE' THEN 'TABLE' WHEN "TABLE_TYPE" = 'VIEW' THEN 'VIEW' WHEN "TABLE_TYPE" = 'MATERIALIZED VIEW' THEN 'MATERIALIZED_VIEW' ELSE "TABLE_TYPE" END AS "type", "CLUSTERING_KEY" AS "clustering_key" FROM "STRAWBERRY_DB"."INFORMATION_SCHEMA"."TABLES" WHERE ("TABLE_SCHEMA" = 'sqlmesh__SQLMESH_EXAMPLE' AND "TABLE_NAME" IN ('SQLMESH_EXAMPLE__SEED_MODEL__2673557486', 'SQLMESH_EXAMPLE__INCREMENTAL_MODEL__1531980955', 'SQLMESH_EXAMPLE__FULL_MODEL__3600986774')) AND NOT "TABLE_NAME" LIKE 'SNOWPARK_TEMP_TABLE%' (base.py:2624)
2026-05-22 23:04:50,969 - ThreadPoolExecutor-8_0 - sqlmesh.core.snapshot.evaluator - INFO - Evaluating snapshot SnapshotId<"STRAWBERRY_DB"."SQLMESH_EXAMPLE"."SEED_MODEL": 1292994844> (evaluator.py:730)
2026-05-22 23:04:50,997 - ThreadPoolExecutor-8_0 - snowflake.connector.connection - INFO - Snowflake Connector for Python Version: 4.5.0, Python Version: 3.11.15, Platform: macOS-26.5-arm64-arm-64bit (connection.py:626)
2026-05-22 23:04:50,997 - ThreadPoolExecutor-8_0 - snowflake.connector.connection - INFO - Connecting to GLOBAL Snowflake domain (connection.py:1735)
2026-05-22 23:05:34,698 - ThreadPoolExecutor-8_0 - sqlmesh.core.snapshot.evaluator - INFO - Creating table 'STRAWBERRY_DB.sqlmesh__SQLMESH_EXAMPLE.SQLMESH_EXAMPLE__SEED_MODEL__2673557486' (evaluator.py:2061)
2026-05-22 23:05:34,700 - ThreadPoolExecutor-8_0 - sqlmesh.core.engine_adapter.base - INFO - Executing SQL: /* SQLMESH_PLAN: 98140b8a45a24ba6859e321d23b644bb */ CREATE TABLE IF NOT EXISTS "STRAWBERRY_DB"."sqlmesh__SQLMESH_EXAMPLE"."SQLMESH_EXAMPLE__SEED_MODEL__2673557486" ("ID" INT, "ITEM_ID" INT, "EVENT_DATE" DATE) (base.py:2624)
2026-05-22 23:05:35,164 - ThreadPoolExecutor-8_0 - sqlmesh.core.engine_adapter.base - INFO - Executing SQL: /* SQLMESH_PLAN: 98140b8a45a24ba6859e321d23b644bb */ SELECT CURRENT_DATABASE() (base.py:2624)
2026-05-22 23:05:35,313 - ThreadPoolExecutor-8_0 - sqlmesh.core.engine_adapter.base - INFO - Executing SQL: /* SQLMESH_PLAN: 98140b8a45a24ba6859e321d23b644bb */ SELECT CURRENT_DATABASE() (base.py:2624)
2026-05-22 23:05:35,769 - ThreadPoolExecutor-8_0 - sqlmesh.core.engine_adapter.base - INFO - Executing SQL: /* SQLMESH_PLAN: 98140b8a45a24ba6859e321d23b644bb */ SELECT DISTINCT "TABLE_CATALOG" AS "catalog", "TABLE_NAME" AS "name", "TABLE_SCHEMA" AS "schema_name", CASE WHEN "TABLE_TYPE" = 'BASE TABLE' AND "IS_DYNAMIC" = 'YES' THEN 'MANAGED_TABLE' WHEN "TABLE_TYPE" = 'BASE TABLE' THEN 'TABLE' WHEN "TABLE_TYPE" = 'TEMPORARY TABLE' THEN 'TABLE' WHEN "TABLE_TYPE" = 'LOCAL TEMPORARY' THEN 'TABLE' WHEN "TABLE_TYPE" = 'EXTERNAL TABLE' THEN 'TABLE' WHEN "TABLE_TYPE" = 'EVENT TABLE' THEN 'TABLE' WHEN "TABLE_TYPE" = 'VIEW' THEN 'VIEW' WHEN "TABLE_TYPE" = 'MATERIALIZED VIEW' THEN 'MATERIALIZED_VIEW' ELSE "TABLE_TYPE" END AS "type", "CLUSTERING_KEY" AS "clustering_key" FROM "STRAWBERRY_DB"."INFORMATION_SCHEMA"."TABLES" WHERE ("TABLE_SCHEMA" = 'sqlmesh__SQLMESH_EXAMPLE' AND "TABLE_NAME" IN ('SQLMESH_EXAMPLE__SEED_MODEL__2673557486')) AND NOT "TABLE_NAME" LIKE 'SNOWPARK_TEMP_TABLE%' (base.py:2624)
2026-05-22 23:05:37,272 - ThreadPoolExecutor-8_0 - sqlmesh.core.engine_adapter.base - INFO - Executing SQL: /* SQLMESH_PLAN: 98140b8a45a24ba6859e321d23b644bb */ USE SCHEMA "STRAWBERRY_DB"."sqlmesh__SQLMESH_EXAMPLE" (base.py:2624)
2026-05-22 23:05:37,528 - ThreadPoolExecutor-8_0 - sqlmesh.core.engine_adapter.base - INFO - Executing SQL: /* SQLMESH_PLAN: 98140b8a45a24ba6859e321d23b644bb */ CREATE TEMPORARY TABLE IF NOT EXISTS "STRAWBERRY_DB"."sqlmesh__SQLMESH_EXAMPLE"."__temp_SQLMESH_EXAMPLE__SEED_MODEL__2673557486_upoy4s82" ("ID" INT, "ITEM_ID" INT, "EVENT_DATE" DATE) (base.py:2624)
2026-05-22 23:05:45,907 - ThreadPoolExecutor-8_0 - sqlmesh.core.engine_adapter.base - INFO - Executing SQL: /* SQLMESH_PLAN: 98140b8a45a24ba6859e321d23b644bb */ USE SCHEMA "STRAWBERRY_DB"."sqlmesh__SQLMESH_EXAMPLE" (base.py:2624)
2026-05-22 23:05:46,518 - ThreadPoolExecutor-8_0 - sqlmesh.core.engine_adapter.base - INFO - Executing SQL: /* SQLMESH_PLAN: 98140b8a45a24ba6859e321d23b644bb */ CREATE TEMPORARY TABLE IF NOT EXISTS "STRAWBERRY_DB"."sqlmesh__SQLMESH_EXAMPLE"."__temp_SQLMESH_EXAMPLE__SEED_MODEL__2673557486_upoy4s82" ("ID" INT, "ITEM_ID" INT, "EVENT_DATE" DATE) (base.py:2624)
2026-05-22 23:05:51,522 - ThreadPoolExecutor-8_0 - sqlmesh.core.engine_adapter.base - INFO - Executing SQL: /* SQLMESH_PLAN: 98140b8a45a24ba6859e321d23b644bb */ CREATE OR REPLACE TABLE "STRAWBERRY_DB"."sqlmesh__SQLMESH_EXAMPLE"."SQLMESH_EXAMPLE__SEED_MODEL__2673557486" AS SELECT CAST("ID" AS INT) AS "ID", CAST("ITEM_ID" AS INT) AS "ITEM_ID", CAST("EVENT_DATE" AS DATE) AS "EVENT_DATE" FROM (SELECT CAST("ID" AS INT) AS "ID", CAST("ITEM_ID" AS INT) AS "ITEM_ID", CAST("EVENT_DATE" AS DATE) AS "EVENT_DATE" FROM "STRAWBERRY_DB"."sqlmesh__SQLMESH_EXAMPLE"."__temp_SQLMESH_EXAMPLE__SEED_MODEL__2673557486_upoy4s82") AS "_subquery" (base.py:2624)
2026-05-22 23:05:53,687 - ThreadPoolExecutor-8_0 - sqlmesh.core.engine_adapter.base - INFO - Executing SQL: /* SQLMESH_PLAN: 98140b8a45a24ba6859e321d23b644bb */ DROP TABLE IF EXISTS "STRAWBERRY_DB"."sqlmesh__SQLMESH_EXAMPLE"."__temp_SQLMESH_EXAMPLE__SEED_MODEL__2673557486_upoy4s82" (base.py:2624)
2026-05-22 23:05:54,453 - ThreadPoolExecutor-8_0 - sqlmesh.core.state_sync.db.facade - INFO - Adding interval (2026-05-22 00:00:00, 2026-05-23 00:00:00) for snapshot SnapshotId<"STRAWBERRY_DB"."SQLMESH_EXAMPLE"."SEED_MODEL": 1292994844> (facade.py:637)
2026-05-22 23:05:54,454 - ThreadPoolExecutor-8_0 - sqlmesh.core.state_sync.db.interval - INFO - Pushing intervals for snapshot SnapshotId<"STRAWBERRY_DB"."SQLMESH_EXAMPLE"."SEED_MODEL": 1292994844> (interval.py:215)
2026-05-22 23:05:54,467 - ThreadPoolExecutor-8_1 - sqlmesh.core.snapshot.evaluator - INFO - Creating a physical table for snapshot SnapshotId<"STRAWBERRY_DB"."SQLMESH_EXAMPLE"."INCREMENTAL_MODEL": 2884640955> (evaluator.py:889)
2026-05-22 23:05:54,491 - ThreadPoolExecutor-8_1 - snowflake.connector.connection - INFO - Snowflake Connector for Python Version: 4.5.0, Python Version: 3.11.15, Platform: macOS-26.5-arm64-arm-64bit (connection.py:626)
2026-05-22 23:05:54,491 - ThreadPoolExecutor-8_1 - snowflake.connector.connection - INFO - Connecting to GLOBAL Snowflake domain (connection.py:1735)
2026-05-22 23:07:28,107 - ThreadPoolExecutor-8_1 - sqlmesh.core.snapshot.evaluator - INFO - Creating table 'STRAWBERRY_DB.sqlmesh__SQLMESH_EXAMPLE.SQLMESH_EXAMPLE__INCREMENTAL_MODEL__1531980955' (evaluator.py:2061)
2026-05-22 23:07:28,107 - ThreadPoolExecutor-8_1 - sqlmesh.core.engine_adapter.base - INFO - Executing SQL: /* SQLMESH_PLAN: 98140b8a45a24ba6859e321d23b644bb */ CREATE TABLE IF NOT EXISTS "STRAWBERRY_DB"."sqlmesh__SQLMESH_EXAMPLE"."SQLMESH_EXAMPLE__INCREMENTAL_MODEL__1531980955" ("ID" INT, "ITEM_ID" INT, "EVENT_DATE" DATE) (base.py:2624)
2026-05-22 23:07:28,524 - ThreadPoolExecutor-8_1 - sqlmesh.core.snapshot.evaluator - INFO - Dry running model 'sqlmesh_example.incremental_model' (evaluator.py:2083)
2026-05-22 23:07:28,526 - ThreadPoolExecutor-8_1 - sqlmesh.core.engine_adapter.base - INFO - Executing SQL: /* SQLMESH_PLAN: 98140b8a45a24ba6859e321d23b644bb */ SELECT "SEED_MODEL"."ID" AS "ID", "SEED_MODEL"."ITEM_ID" AS "ITEM_ID", "SEED_MODEL"."EVENT_DATE" AS "EVENT_DATE" FROM STRAWBERRY_DB."sqlmesh__SQLMESH_EXAMPLE"."SQLMESH_EXAMPLE__SEED_MODEL__2673557486" AS "SEED_MODEL" WHERE ("SEED_MODEL"."EVENT_DATE" <= CAST('1970-01-01' AS DATE) AND "SEED_MODEL"."EVENT_DATE" >= CAST('1970-01-01' AS DATE)) AND FALSE LIMIT 0 (base.py:2624)
2026-05-22 23:07:29,992 - ThreadPoolExecutor-8_1 - sqlmesh.core.snapshot.evaluator - INFO - Evaluating snapshot SnapshotId<"STRAWBERRY_DB"."SQLMESH_EXAMPLE"."INCREMENTAL_MODEL": 2884640955> (evaluator.py:730)
2026-05-22 23:07:30,172 - ThreadPoolExecutor-8_1 - sqlmesh.core.snapshot.evaluator - INFO - Inserting data for snapshot SnapshotId<"STRAWBERRY_DB"."SQLMESH_EXAMPLE"."INCREMENTAL_MODEL": 2884640955> (evaluator.py:971)
2026-05-22 23:07:30,175 - ThreadPoolExecutor-8_1 - sqlmesh.core.snapshot.evaluator - INFO - Inserting batch (2020-01-01 00:00:00, 2026-05-23 00:00:00) into STRAWBERRY_DB.sqlmesh__SQLMESH_EXAMPLE.SQLMESH_EXAMPLE__INCREMENTAL_MODEL__1531980955' (evaluator.py:1003)
2026-05-22 23:07:30,176 - ThreadPoolExecutor-8_1 - sqlmesh.core.engine_adapter.base - INFO - Executing SQL: /* SQLMESH_PLAN: 98140b8a45a24ba6859e321d23b644bb */ DELETE FROM "STRAWBERRY_DB"."sqlmesh__SQLMESH_EXAMPLE"."SQLMESH_EXAMPLE__INCREMENTAL_MODEL__1531980955" WHERE "EVENT_DATE" BETWEEN CAST('2020-01-01' AS DATE) AND CAST('2026-05-22' AS DATE) (base.py:2624)
2026-05-22 23:07:30,631 - ThreadPoolExecutor-8_1 - sqlmesh.core.engine_adapter.base - INFO - Executing SQL: /* SQLMESH_PLAN: 98140b8a45a24ba6859e321d23b644bb */ INSERT INTO "STRAWBERRY_DB"."sqlmesh__SQLMESH_EXAMPLE"."SQLMESH_EXAMPLE__INCREMENTAL_MODEL__1531980955" ("ID", "ITEM_ID", "EVENT_DATE") SELECT "ID", "ITEM_ID", "EVENT_DATE" FROM (SELECT "SEED_MODEL"."ID" AS "ID", "SEED_MODEL"."ITEM_ID" AS "ITEM_ID", "SEED_MODEL"."EVENT_DATE" AS "EVENT_DATE" FROM "STRAWBERRY_DB"."sqlmesh__SQLMESH_EXAMPLE"."SQLMESH_EXAMPLE__SEED_MODEL__2673557486" AS "SEED_MODEL" WHERE "SEED_MODEL"."EVENT_DATE" <= CAST('2026-05-22' AS DATE) AND "SEED_MODEL"."EVENT_DATE" >= CAST('2020-01-01' AS DATE)) AS "_subquery" WHERE "EVENT_DATE" BETWEEN CAST('2020-01-01' AS DATE) AND CAST('2026-05-22' AS DATE) (base.py:2624)
2026-05-22 23:07:33,192 - ThreadPoolExecutor-8_1 - sqlmesh.core.state_sync.db.facade - INFO - Adding interval (2020-01-01 00:00:00, 2026-05-23 00:00:00) for snapshot SnapshotId<"STRAWBERRY_DB"."SQLMESH_EXAMPLE"."INCREMENTAL_MODEL": 2884640955> (facade.py:637)
2026-05-22 23:07:33,192 - ThreadPoolExecutor-8_1 - sqlmesh.core.state_sync.db.interval - INFO - Pushing intervals for snapshot SnapshotId<"STRAWBERRY_DB"."SQLMESH_EXAMPLE"."INCREMENTAL_MODEL": 2884640955> (interval.py:215)
2026-05-22 23:07:33,202 - ThreadPoolExecutor-8_1 - sqlmesh.core.snapshot.evaluator - INFO - Evaluating snapshot SnapshotId<"STRAWBERRY_DB"."SQLMESH_EXAMPLE"."FULL_MODEL": 750057721> (evaluator.py:730)
2026-05-22 23:07:34,097 - ThreadPoolExecutor-8_1 - sqlmesh.core.snapshot.evaluator - INFO - Inserting data for snapshot SnapshotId<"STRAWBERRY_DB"."SQLMESH_EXAMPLE"."FULL_MODEL": 750057721> (evaluator.py:971)
2026-05-22 23:07:34,098 - ThreadPoolExecutor-8_1 - sqlmesh.core.snapshot.evaluator - INFO - Inserting batch (2026-05-22 00:00:00, 2026-05-23 00:00:00) into STRAWBERRY_DB.sqlmesh__SQLMESH_EXAMPLE.SQLMESH_EXAMPLE__FULL_MODEL__3600986774' (evaluator.py:1003)
2026-05-22 23:07:34,100 - ThreadPoolExecutor-8_1 - sqlmesh.core.engine_adapter.base - INFO - Executing SQL: /* SQLMESH_PLAN: 98140b8a45a24ba6859e321d23b644bb */ CREATE OR REPLACE TABLE "STRAWBERRY_DB"."sqlmesh__SQLMESH_EXAMPLE"."SQLMESH_EXAMPLE__FULL_MODEL__3600986774" AS SELECT CAST("ITEM_ID" AS INT) AS "ITEM_ID", CAST("NUM_ORDERS" AS BIGINT) AS "NUM_ORDERS" FROM (SELECT "INCREMENTAL_MODEL"."ITEM_ID" AS "ITEM_ID", COUNT(DISTINCT "INCREMENTAL_MODEL"."ID") AS "NUM_ORDERS" FROM "STRAWBERRY_DB"."sqlmesh__SQLMESH_EXAMPLE"."SQLMESH_EXAMPLE__INCREMENTAL_MODEL__1531980955" AS "INCREMENTAL_MODEL" GROUP BY "INCREMENTAL_MODEL"."ITEM_ID") AS "_subquery" (base.py:2624)
2026-05-22 23:07:35,693 - ThreadPoolExecutor-8_1 - sqlmesh.core.snapshot.evaluator - INFO - Auditing snapshot SnapshotId<"STRAWBERRY_DB"."SQLMESH_EXAMPLE"."FULL_MODEL": 750057721> (evaluator.py:622)
2026-05-22 23:07:35,694 - ThreadPoolExecutor-8_1 - sqlmesh.core.engine_adapter.base - INFO - Executing SQL: /* SQLMESH_PLAN: 98140b8a45a24ba6859e321d23b644bb */ DESCRIBE TABLE "STRAWBERRY_DB"."sqlmesh__SQLMESH_EXAMPLE"."SQLMESH_EXAMPLE__FULL_MODEL__3600986774" (base.py:2624)
2026-05-22 23:07:36,192 - ThreadPoolExecutor-8_1 - sqlmesh.core.engine_adapter.base - INFO - Executing SQL: /* SQLMESH_PLAN: 98140b8a45a24ba6859e321d23b644bb */ SELECT COUNT(*) FROM (SELECT * FROM "STRAWBERRY_DB"."sqlmesh__SQLMESH_EXAMPLE"."SQLMESH_EXAMPLE__FULL_MODEL__3600986774" AS "SQLMESH_EXAMPLE__FULL_MODEL__3600986774" WHERE "ITEM_ID" < 0) AS "audit" (base.py:2624)
2026-05-22 23:07:36,757 - ThreadPoolExecutor-8_1 - sqlmesh.core.state_sync.db.facade - INFO - Adding interval (2026-05-22 00:00:00, 2026-05-23 00:00:00) for snapshot SnapshotId<"STRAWBERRY_DB"."SQLMESH_EXAMPLE"."FULL_MODEL": 750057721> (facade.py:637)
2026-05-22 23:07:36,757 - ThreadPoolExecutor-8_1 - sqlmesh.core.state_sync.db.interval - INFO - Pushing intervals for snapshot SnapshotId<"STRAWBERRY_DB"."SQLMESH_EXAMPLE"."FULL_MODEL": 750057721> (interval.py:215)
2026-05-22 23:07:37,328 - MainThread - sqlmesh.core.plan.evaluator - INFO - Evaluating plan stage EnvironmentRecordUpdateStage (evaluator.py:123)
2026-05-22 23:07:37,328 - MainThread - sqlmesh.core.state_sync.db.facade - INFO - Promoting environment 'prod' (facade.py:167)
2026-05-22 23:07:37,338 - MainThread - sqlmesh.core.plan.evaluator - INFO - Evaluating plan stage UnpauseStage (evaluator.py:123)
2026-05-22 23:07:37,341 - MainThread - sqlmesh.core.plan.evaluator - INFO - Evaluating plan stage VirtualLayerUpdateStage (evaluator.py:123)
2026-05-22 23:07:37,343 - ThreadPoolExecutor-27_0 - sqlmesh.core.snapshot.evaluator - INFO - Creating schema 'STRAWBERRY_DB.SQLMESH_EXAMPLE' (evaluator.py:1468)
2026-05-22 23:07:37,364 - ThreadPoolExecutor-27_0 - snowflake.connector.connection - INFO - Snowflake Connector for Python Version: 4.5.0, Python Version: 3.11.15, Platform: macOS-26.5-arm64-arm-64bit (connection.py:626)
2026-05-22 23:07:37,364 - ThreadPoolExecutor-27_0 - snowflake.connector.connection - INFO - Connecting to GLOBAL Snowflake domain (connection.py:1735)
2026-05-22 23:09:37,563 - ThreadPoolExecutor-27_0 - sqlmesh.core.engine_adapter.base - WARNING - Failed to create schema 'STRAWBERRY_DB.SQLMESH_EXAMPLE': 251016 (08001): None: Failed to connect to DB: sfpscogs-akm_strawberry.snowflakecomputing.com:443, Unable to receive the OAuth message within a given timeout. Please check the redirect URI and try again. (base.py:1419)
2026-05-22 23:09:37,565 - ThreadPoolExecutor-28_0 - sqlmesh.core.snapshot.evaluator - INFO - Listing data objects in schema STRAWBERRY_DB.SQLMESH_EXAMPLE (evaluator.py:1635)
2026-05-22 23:09:37,593 - ThreadPoolExecutor-28_0 - snowflake.connector.connection - INFO - Snowflake Connector for Python Version: 4.5.0, Python Version: 3.11.15, Platform: macOS-26.5-arm64-arm-64bit (connection.py:626)
2026-05-22 23:09:37,594 - ThreadPoolExecutor-28_0 - snowflake.connector.connection - INFO - Connecting to GLOBAL Snowflake domain (connection.py:1735)
2026-05-22 23:10:15,364 - ThreadPoolExecutor-28_0 - sqlmesh.core.engine_adapter.base - INFO - Executing SQL: /* SQLMESH_PLAN: 98140b8a45a24ba6859e321d23b644bb */ SELECT CURRENT_DATABASE() (base.py:2624)
2026-05-22 23:10:15,783 - ThreadPoolExecutor-28_0 - sqlmesh.core.engine_adapter.base - INFO - Executing SQL: /* SQLMESH_PLAN: 98140b8a45a24ba6859e321d23b644bb */ SELECT CURRENT_DATABASE() (base.py:2624)
2026-05-22 23:10:16,115 - ThreadPoolExecutor-28_0 - sqlmesh.core.engine_adapter.base - INFO - Executing SQL: /* SQLMESH_PLAN: 98140b8a45a24ba6859e321d23b644bb */ SELECT DISTINCT "TABLE_CATALOG" AS "catalog", "TABLE_NAME" AS "name", "TABLE_SCHEMA" AS "schema_name", CASE WHEN "TABLE_TYPE" = 'BASE TABLE' AND "IS_DYNAMIC" = 'YES' THEN 'MANAGED_TABLE' WHEN "TABLE_TYPE" = 'BASE TABLE' THEN 'TABLE' WHEN "TABLE_TYPE" = 'TEMPORARY TABLE' THEN 'TABLE' WHEN "TABLE_TYPE" = 'LOCAL TEMPORARY' THEN 'TABLE' WHEN "TABLE_TYPE" = 'EXTERNAL TABLE' THEN 'TABLE' WHEN "TABLE_TYPE" = 'EVENT TABLE' THEN 'TABLE' WHEN "TABLE_TYPE" = 'VIEW' THEN 'VIEW' WHEN "TABLE_TYPE" = 'MATERIALIZED VIEW' THEN 'MATERIALIZED_VIEW' ELSE "TABLE_TYPE" END AS "type", "CLUSTERING_KEY" AS "clustering_key" FROM "STRAWBERRY_DB"."INFORMATION_SCHEMA"."TABLES" WHERE ("TABLE_SCHEMA" = 'SQLMESH_EXAMPLE' AND "TABLE_NAME" IN ('FULL_MODEL', 'INCREMENTAL_MODEL', 'SEED_MODEL')) AND NOT "TABLE_NAME" LIKE 'SNOWPARK_TEMP_TABLE%' (base.py:2624)
2026-05-22 23:10:17,180 - ThreadPoolExecutor-33_0 - snowflake.connector.connection - INFO - Snowflake Connector for Python Version: 4.5.0, Python Version: 3.11.15, Platform: macOS-26.5-arm64-arm-64bit (connection.py:626)
2026-05-22 23:10:17,180 - ThreadPoolExecutor-33_0 - snowflake.connector.connection - INFO - Connecting to GLOBAL Snowflake domain (connection.py:1735)
2026-05-22 23:10:48,676 - ThreadPoolExecutor-33_0 - sqlmesh.core.snapshot.evaluator - INFO - Updating view 'STRAWBERRY_DB.SQLMESH_EXAMPLE.SEED_MODEL' to point at table 'STRAWBERRY_DB.sqlmesh__SQLMESH_EXAMPLE.SQLMESH_EXAMPLE__SEED_MODEL__2673557486' (evaluator.py:2007)
2026-05-22 23:10:48,678 - ThreadPoolExecutor-33_0 - sqlmesh.core.engine_adapter.base - INFO - Executing SQL: /* SQLMESH_PLAN: 98140b8a45a24ba6859e321d23b644bb */ CREATE OR REPLACE VIEW "STRAWBERRY_DB"."SQLMESH_EXAMPLE"."SEED_MODEL" COPY GRANTS AS SELECT * FROM "STRAWBERRY_DB"."sqlmesh__SQLMESH_EXAMPLE"."SQLMESH_EXAMPLE__SEED_MODEL__2673557486" (base.py:2624)
2026-05-22 23:10:49,331 - MainThread - sqlmesh.core.context - INFO - Plan application failed. (context.py:1808)
Traceback (most recent call last):
  File "/opt/homebrew/anaconda3/envs/sqlmesh_env/lib/python3.11/site-packages/sqlmesh/utils/concurrency.py", line 69, in _process_node
    self.fn(node)
  File "/opt/homebrew/anaconda3/envs/sqlmesh_env/lib/python3.11/site-packages/sqlmesh/utils/concurrency.py", line 172, in <lambda>
    lambda s_id: fn(snapshots_by_id[s_id]),
                 ^^^^^^^^^^^^^^^^^^^^^^^^^
  File "/opt/homebrew/anaconda3/envs/sqlmesh_env/lib/python3.11/site-packages/sqlmesh/core/snapshot/evaluator.py", line 318, in <lambda>
    lambda s: self._promote_snapshot(
              ^^^^^^^^^^^^^^^^^^^^^^^
  File "/opt/homebrew/anaconda3/envs/sqlmesh_env/lib/python3.11/site-packages/sqlmesh/core/snapshot/evaluator.py", line 1291, in _promote_snapshot
    _evaluation_strategy(snapshot, adapter).promote(
  File "/opt/homebrew/anaconda3/envs/sqlmesh_env/lib/python3.11/site-packages/sqlmesh/core/snapshot/evaluator.py", line 2018, in promote
    self.adapter.create_view(
  File "/opt/homebrew/anaconda3/envs/sqlmesh_env/lib/python3.11/site-packages/sqlmesh/core/engine_adapter/shared.py", line 318, in internal_wrapper
    return func(*list_args, **kwargs)
           ^^^^^^^^^^^^^^^^^^^^^^^^^^
  File "/opt/homebrew/anaconda3/envs/sqlmesh_env/lib/python3.11/site-packages/sqlmesh/core/engine_adapter/snowflake.py", line 291, in create_view
    super().create_view(
  File "/opt/homebrew/anaconda3/envs/sqlmesh_env/lib/python3.11/site-packages/sqlmesh/core/engine_adapter/shared.py", line 318, in internal_wrapper
    return func(*list_args, **kwargs)
           ^^^^^^^^^^^^^^^^^^^^^^^^^^
  File "/opt/homebrew/anaconda3/envs/sqlmesh_env/lib/python3.11/site-packages/sqlmesh/core/engine_adapter/base.py", line 1343, in create_view
    self.execute(
  File "/opt/homebrew/anaconda3/envs/sqlmesh_env/lib/python3.11/site-packages/sqlmesh/core/engine_adapter/base.py", line 2601, in execute
    self._execute(sql, track_rows_processed, **kwargs)
  File "/opt/homebrew/anaconda3/envs/sqlmesh_env/lib/python3.11/site-packages/sqlmesh/core/engine_adapter/base.py", line 2633, in _execute
    self.cursor.execute(sql, **kwargs)
  File "/opt/homebrew/anaconda3/envs/sqlmesh_env/lib/python3.11/site-packages/snowflake/connector/cursor.py", line 1142, in execute
    Error.errorhandler_wrapper(self.connection, self, error_class, errvalue)
  File "/opt/homebrew/anaconda3/envs/sqlmesh_env/lib/python3.11/site-packages/snowflake/connector/errors.py", line 298, in errorhandler_wrapper
    handed_over = Error.hand_to_other_handler(
                  ^^^^^^^^^^^^^^^^^^^^^^^^^^^^
  File "/opt/homebrew/anaconda3/envs/sqlmesh_env/lib/python3.11/site-packages/snowflake/connector/errors.py", line 354, in hand_to_other_handler
    cursor.errorhandler(connection, cursor, error_class, error_value)
  File "/opt/homebrew/anaconda3/envs/sqlmesh_env/lib/python3.11/site-packages/snowflake/connector/errors.py", line 229, in default_errorhandler
    raise error_class(
snowflake.connector.errors.ProgrammingError: 002003 (02000): 01c48d3e-080b-fda6-004e-1703047677aa: SQL compilation error:
Schema 'STRAWBERRY_DB.SQLMESH_EXAMPLE' does not exist or not authorized.

The above exception was the direct cause of the following exception:

Traceback (most recent call last):
  File "/opt/homebrew/anaconda3/envs/sqlmesh_env/lib/python3.11/site-packages/sqlmesh/core/context.py", line 1800, in apply
    self._apply(plan, circuit_breaker)
  File "/opt/homebrew/anaconda3/envs/sqlmesh_env/lib/python3.11/site-packages/sqlmesh/core/context.py", line 2594, in _apply
    self._scheduler.create_plan_evaluator(self).evaluate(
  File "/opt/homebrew/anaconda3/envs/sqlmesh_env/lib/python3.11/site-packages/sqlmesh/core/plan/evaluator.py", line 105, in evaluate
    self._evaluate_stages(plan_stages, plan)
  File "/opt/homebrew/anaconda3/envs/sqlmesh_env/lib/python3.11/site-packages/sqlmesh/core/plan/evaluator.py", line 125, in _evaluate_stages
    handler(stage, plan)
  File "/opt/homebrew/anaconda3/envs/sqlmesh_env/lib/python3.11/site-packages/sqlmesh/core/plan/evaluator.py", line 402, in visit_virtual_layer_update_stage
    self._promote_snapshots(
  File "/opt/homebrew/anaconda3/envs/sqlmesh_env/lib/python3.11/site-packages/sqlmesh/core/plan/evaluator.py", line 437, in _promote_snapshots
    self.snapshot_evaluator.promote(
  File "/opt/homebrew/anaconda3/envs/sqlmesh_env/lib/python3.11/site-packages/sqlmesh/core/snapshot/evaluator.py", line 316, in promote
    concurrent_apply_to_snapshots(
  File "/opt/homebrew/anaconda3/envs/sqlmesh_env/lib/python3.11/site-packages/sqlmesh/utils/concurrency.py", line 170, in concurrent_apply_to_snapshots
    return concurrent_apply_to_dag(
           ^^^^^^^^^^^^^^^^^^^^^^^^
  File "/opt/homebrew/anaconda3/envs/sqlmesh_env/lib/python3.11/site-packages/sqlmesh/utils/concurrency.py", line 212, in concurrent_apply_to_dag
    ).run()
      ^^^^^
  File "/opt/homebrew/anaconda3/envs/sqlmesh_env/lib/python3.11/site-packages/sqlmesh/utils/concurrency.py", line 64, in run
    self._finished_future.result()
  File "/opt/homebrew/anaconda3/envs/sqlmesh_env/lib/python3.11/concurrent/futures/_base.py", line 456, in result
    return self.__get_result()
           ^^^^^^^^^^^^^^^^^^^
  File "/opt/homebrew/anaconda3/envs/sqlmesh_env/lib/python3.11/concurrent/futures/_base.py", line 401, in __get_result
    raise self._exception
sqlmesh.utils.concurrency.NodeExecutionFailedError: Execution failed for node SnapshotId<"STRAWBERRY_DB"."SQLMESH_EXAMPLE"."SEED_MODEL": 1292994844>
2026-05-22 23:10:49,347 - MainThread - root - INFO - Shutting down the event dispatcher (dispatcher.py:159)
