2026-05-22 23:16:43,581 - MainThread - sqlmesh.core.config.connection - INFO - Creating new DuckDB adapter for in-memory database (connection.py:499)
2026-05-22 23:16:43,616 - MainThread - sqlmesh.core.console - WARNING - The duckdb state connection is configured for single threaded mode but the warehouse connection is configured for multi threaded mode with 4 concurrent tasks. This can cause SQLMesh to hang. Overriding the duckdb state connection config to use multi threaded mode. (console.py:2335)
2026-05-22 23:16:43,616 - MainThread - sqlmesh.core.config.connection - INFO - Creating new DuckDB adapter for data files: {'snowflake_state.db'} (connection.py:497)
2026-05-22 23:16:43,616 - MainThread - sqlmesh.core.console - WARNING - The duckdb engine is not recommended for storing SQLMesh state in production deployments. Please see https://sqlmesh.readthedocs.io/en/stable/guides/configuration/#state-connection for a list of recommended engines and more information. (console.py:2335)
2026-05-22 23:16:47,514 - MainThread - sqlmesh.core.plan.evaluator - INFO - Evaluating plan stage PhysicalLayerSchemaCreationStage (evaluator.py:123)
2026-05-22 23:16:47,515 - ThreadPoolExecutor-1_0 - sqlmesh.core.snapshot.evaluator - INFO - Creating schema 'STRAWBERRY_DB.sqlmesh__SQLMESH_EXAMPLE' (evaluator.py:1468)
2026-05-22 23:16:47,541 - ThreadPoolExecutor-1_0 - snowflake.connector.connection - INFO - Snowflake Connector for Python Version: 4.5.0, Python Version: 3.11.15, Platform: macOS-26.5-arm64-arm-64bit (connection.py:626)
2026-05-22 23:16:47,542 - ThreadPoolExecutor-1_0 - snowflake.connector.connection - INFO - Connecting to GLOBAL Snowflake domain (connection.py:1735)
2026-05-22 23:16:48,233 - ThreadPoolExecutor-1_0 - sqlmesh.core.engine_adapter.base - INFO - Executing SQL: /* SQLMESH_PLAN: 3b92b330ccd14bf2a4880f5b1183c92a */ CREATE SCHEMA IF NOT EXISTS "STRAWBERRY_DB"."sqlmesh__SQLMESH_EXAMPLE" (base.py:2624)
2026-05-22 23:16:48,933 - MainThread - sqlmesh.core.plan.evaluator - INFO - Evaluating plan stage PhysicalLayerUpdateStage (evaluator.py:123)
2026-05-22 23:16:48,935 - ThreadPoolExecutor-3_0 - sqlmesh.core.snapshot.evaluator - INFO - Listing data objects in schema STRAWBERRY_DB.sqlmesh__SQLMESH_EXAMPLE (evaluator.py:1635)
2026-05-22 23:16:48,963 - ThreadPoolExecutor-3_0 - snowflake.connector.connection - INFO - Snowflake Connector for Python Version: 4.5.0, Python Version: 3.11.15, Platform: macOS-26.5-arm64-arm-64bit (connection.py:626)
2026-05-22 23:16:48,963 - ThreadPoolExecutor-3_0 - snowflake.connector.connection - INFO - Connecting to GLOBAL Snowflake domain (connection.py:1735)
2026-05-22 23:16:49,502 - ThreadPoolExecutor-3_0 - sqlmesh.core.engine_adapter.base - INFO - Executing SQL: /* SQLMESH_PLAN: 3b92b330ccd14bf2a4880f5b1183c92a */ SELECT CURRENT_DATABASE() (base.py:2624)
2026-05-22 23:16:49,837 - ThreadPoolExecutor-3_0 - sqlmesh.core.engine_adapter.base - INFO - Executing SQL: /* SQLMESH_PLAN: 3b92b330ccd14bf2a4880f5b1183c92a */ SELECT CURRENT_DATABASE() (base.py:2624)
2026-05-22 23:16:50,203 - ThreadPoolExecutor-3_0 - sqlmesh.core.engine_adapter.base - INFO - Executing SQL: /* SQLMESH_PLAN: 3b92b330ccd14bf2a4880f5b1183c92a */ SELECT DISTINCT "TABLE_CATALOG" AS "catalog", "TABLE_NAME" AS "name", "TABLE_SCHEMA" AS "schema_name", CASE WHEN "TABLE_TYPE" = 'BASE TABLE' AND "IS_DYNAMIC" = 'YES' THEN 'MANAGED_TABLE' WHEN "TABLE_TYPE" = 'BASE TABLE' THEN 'TABLE' WHEN "TABLE_TYPE" = 'TEMPORARY TABLE' THEN 'TABLE' WHEN "TABLE_TYPE" = 'LOCAL TEMPORARY' THEN 'TABLE' WHEN "TABLE_TYPE" = 'EXTERNAL TABLE' THEN 'TABLE' WHEN "TABLE_TYPE" = 'EVENT TABLE' THEN 'TABLE' WHEN "TABLE_TYPE" = 'VIEW' THEN 'VIEW' WHEN "TABLE_TYPE" = 'MATERIALIZED VIEW' THEN 'MATERIALIZED_VIEW' ELSE "TABLE_TYPE" END AS "type", "CLUSTERING_KEY" AS "clustering_key" FROM "STRAWBERRY_DB"."INFORMATION_SCHEMA"."TABLES" WHERE ("TABLE_SCHEMA" = 'sqlmesh__SQLMESH_EXAMPLE' AND "TABLE_NAME" IN ('SQLMESH_EXAMPLE__SEED_MODEL__2673557486', 'SQLMESH_EXAMPLE__INCREMENTAL_MODEL__1531980955', 'SQLMESH_EXAMPLE__FULL_MODEL__3600986774')) AND NOT "TABLE_NAME" LIKE 'SNOWPARK_TEMP_TABLE%' (base.py:2624)
2026-05-22 23:16:52,179 - MainThread - sqlmesh.core.plan.evaluator - INFO - Evaluating plan stage BackfillStage (evaluator.py:123)
2026-05-22 23:16:52,179 - MainThread - sqlmesh.core.plan.evaluator - INFO - Evaluating plan stage EnvironmentRecordUpdateStage (evaluator.py:123)
2026-05-22 23:16:52,179 - MainThread - sqlmesh.core.state_sync.db.facade - INFO - Promoting environment 'prod' (facade.py:167)
2026-05-22 23:16:52,197 - MainThread - sqlmesh.core.plan.evaluator - INFO - Evaluating plan stage UnpauseStage (evaluator.py:123)
2026-05-22 23:16:52,200 - MainThread - sqlmesh.core.plan.evaluator - INFO - Evaluating plan stage VirtualLayerUpdateStage (evaluator.py:123)
2026-05-22 23:16:52,202 - ThreadPoolExecutor-8_0 - sqlmesh.core.snapshot.evaluator - INFO - Creating schema 'STRAWBERRY_DB.SQLMESH_EXAMPLE' (evaluator.py:1468)
2026-05-22 23:16:52,223 - ThreadPoolExecutor-8_0 - snowflake.connector.connection - INFO - Snowflake Connector for Python Version: 4.5.0, Python Version: 3.11.15, Platform: macOS-26.5-arm64-arm-64bit (connection.py:626)
2026-05-22 23:16:52,223 - ThreadPoolExecutor-8_0 - snowflake.connector.connection - INFO - Connecting to GLOBAL Snowflake domain (connection.py:1735)
2026-05-22 23:16:52,809 - ThreadPoolExecutor-8_0 - sqlmesh.core.engine_adapter.base - INFO - Executing SQL: /* SQLMESH_PLAN: 3b92b330ccd14bf2a4880f5b1183c92a */ CREATE SCHEMA IF NOT EXISTS "STRAWBERRY_DB"."SQLMESH_EXAMPLE" (base.py:2624)
2026-05-22 23:16:53,508 - ThreadPoolExecutor-10_0 - sqlmesh.core.snapshot.evaluator - INFO - Listing data objects in schema STRAWBERRY_DB.SQLMESH_EXAMPLE (evaluator.py:1635)
2026-05-22 23:16:53,525 - ThreadPoolExecutor-10_0 - snowflake.connector.connection - INFO - Snowflake Connector for Python Version: 4.5.0, Python Version: 3.11.15, Platform: macOS-26.5-arm64-arm-64bit (connection.py:626)
2026-05-22 23:16:53,525 - ThreadPoolExecutor-10_0 - snowflake.connector.connection - INFO - Connecting to GLOBAL Snowflake domain (connection.py:1735)
2026-05-22 23:16:54,132 - ThreadPoolExecutor-10_0 - sqlmesh.core.engine_adapter.base - INFO - Executing SQL: /* SQLMESH_PLAN: 3b92b330ccd14bf2a4880f5b1183c92a */ SELECT CURRENT_DATABASE() (base.py:2624)
2026-05-22 23:16:54,488 - ThreadPoolExecutor-10_0 - sqlmesh.core.engine_adapter.base - INFO - Executing SQL: /* SQLMESH_PLAN: 3b92b330ccd14bf2a4880f5b1183c92a */ SELECT CURRENT_DATABASE() (base.py:2624)
2026-05-22 23:16:54,927 - ThreadPoolExecutor-10_0 - sqlmesh.core.engine_adapter.base - INFO - Executing SQL: /* SQLMESH_PLAN: 3b92b330ccd14bf2a4880f5b1183c92a */ SELECT DISTINCT "TABLE_CATALOG" AS "catalog", "TABLE_NAME" AS "name", "TABLE_SCHEMA" AS "schema_name", CASE WHEN "TABLE_TYPE" = 'BASE TABLE' AND "IS_DYNAMIC" = 'YES' THEN 'MANAGED_TABLE' WHEN "TABLE_TYPE" = 'BASE TABLE' THEN 'TABLE' WHEN "TABLE_TYPE" = 'TEMPORARY TABLE' THEN 'TABLE' WHEN "TABLE_TYPE" = 'LOCAL TEMPORARY' THEN 'TABLE' WHEN "TABLE_TYPE" = 'EXTERNAL TABLE' THEN 'TABLE' WHEN "TABLE_TYPE" = 'EVENT TABLE' THEN 'TABLE' WHEN "TABLE_TYPE" = 'VIEW' THEN 'VIEW' WHEN "TABLE_TYPE" = 'MATERIALIZED VIEW' THEN 'MATERIALIZED_VIEW' ELSE "TABLE_TYPE" END AS "type", "CLUSTERING_KEY" AS "clustering_key" FROM "STRAWBERRY_DB"."INFORMATION_SCHEMA"."TABLES" WHERE ("TABLE_SCHEMA" = 'SQLMESH_EXAMPLE' AND "TABLE_NAME" IN ('SEED_MODEL', 'INCREMENTAL_MODEL', 'FULL_MODEL')) AND NOT "TABLE_NAME" LIKE 'SNOWPARK_TEMP_TABLE%' (base.py:2624)
2026-05-22 23:16:56,051 - ThreadPoolExecutor-15_0 - snowflake.connector.connection - INFO - Snowflake Connector for Python Version: 4.5.0, Python Version: 3.11.15, Platform: macOS-26.5-arm64-arm-64bit (connection.py:626)
2026-05-22 23:16:56,051 - ThreadPoolExecutor-15_0 - snowflake.connector.connection - INFO - Connecting to GLOBAL Snowflake domain (connection.py:1735)
2026-05-22 23:16:56,547 - ThreadPoolExecutor-15_0 - sqlmesh.core.snapshot.evaluator - INFO - Updating view 'STRAWBERRY_DB.SQLMESH_EXAMPLE.SEED_MODEL' to point at table 'STRAWBERRY_DB.sqlmesh__SQLMESH_EXAMPLE.SQLMESH_EXAMPLE__SEED_MODEL__2673557486' (evaluator.py:2007)
2026-05-22 23:16:56,547 - ThreadPoolExecutor-15_0 - sqlmesh.core.engine_adapter.base - INFO - Executing SQL: /* SQLMESH_PLAN: 3b92b330ccd14bf2a4880f5b1183c92a */ CREATE OR REPLACE VIEW "STRAWBERRY_DB"."SQLMESH_EXAMPLE"."SEED_MODEL" COPY GRANTS AS SELECT * FROM "STRAWBERRY_DB"."sqlmesh__SQLMESH_EXAMPLE"."SQLMESH_EXAMPLE__SEED_MODEL__2673557486" (base.py:2624)
2026-05-22 23:16:57,124 - ThreadPoolExecutor-15_1 - snowflake.connector.connection - INFO - Snowflake Connector for Python Version: 4.5.0, Python Version: 3.11.15, Platform: macOS-26.5-arm64-arm-64bit (connection.py:626)
2026-05-22 23:16:57,125 - ThreadPoolExecutor-15_1 - snowflake.connector.connection - INFO - Connecting to GLOBAL Snowflake domain (connection.py:1735)
2026-05-22 23:16:57,847 - ThreadPoolExecutor-15_1 - sqlmesh.core.snapshot.evaluator - INFO - Updating view 'STRAWBERRY_DB.SQLMESH_EXAMPLE.INCREMENTAL_MODEL' to point at table 'STRAWBERRY_DB.sqlmesh__SQLMESH_EXAMPLE.SQLMESH_EXAMPLE__INCREMENTAL_MODEL__1531980955' (evaluator.py:2007)
2026-05-22 23:16:57,848 - ThreadPoolExecutor-15_1 - sqlmesh.core.engine_adapter.base - INFO - Executing SQL: /* SQLMESH_PLAN: 3b92b330ccd14bf2a4880f5b1183c92a */ CREATE OR REPLACE VIEW "STRAWBERRY_DB"."SQLMESH_EXAMPLE"."INCREMENTAL_MODEL" COPY GRANTS AS SELECT * FROM "STRAWBERRY_DB"."sqlmesh__SQLMESH_EXAMPLE"."SQLMESH_EXAMPLE__INCREMENTAL_MODEL__1531980955" (base.py:2624)
2026-05-22 23:16:58,385 - ThreadPoolExecutor-15_1 - sqlmesh.core.snapshot.evaluator - INFO - Updating view 'STRAWBERRY_DB.SQLMESH_EXAMPLE.FULL_MODEL' to point at table 'STRAWBERRY_DB.sqlmesh__SQLMESH_EXAMPLE.SQLMESH_EXAMPLE__FULL_MODEL__3600986774' (evaluator.py:2007)
2026-05-22 23:16:58,386 - ThreadPoolExecutor-15_1 - sqlmesh.core.engine_adapter.base - INFO - Executing SQL: /* SQLMESH_PLAN: 3b92b330ccd14bf2a4880f5b1183c92a */ CREATE OR REPLACE VIEW "STRAWBERRY_DB"."SQLMESH_EXAMPLE"."FULL_MODEL" COPY GRANTS AS SELECT * FROM "STRAWBERRY_DB"."sqlmesh__SQLMESH_EXAMPLE"."SQLMESH_EXAMPLE__FULL_MODEL__3600986774" (base.py:2624)
2026-05-22 23:17:00,316 - MainThread - sqlmesh.core.plan.evaluator - INFO - Evaluating plan stage FinalizeEnvironmentStage (evaluator.py:123)
2026-05-22 23:17:00,317 - MainThread - sqlmesh.core.state_sync.db.environment - INFO - Finalizing environment 'prod' (environment.py:141)
2026-05-22 23:17:00,330 - MainThread - root - INFO - Shutting down the event dispatcher (dispatcher.py:159)
